2026-04-29 11:50:46.730 INFO  [c.d.t.aiworkshop.TodoApplication] Starting TodoApplication using Java 21.0.9 with PID 94779 (/Users/tobias.kronsteiner/Documents/Development/workshops/team-tooling-ai-workshop/backend/build/classes/java/main started by tobias.kronsteiner in /Users/tobias.kronsteiner/Documents/Development/workshops/team-tooling-ai-workshop)
2026-04-29 11:50:46.731 DEBUG [c.d.t.aiworkshop.TodoApplication] Running with Spring Boot v3.3.4, Spring v6.1.13
2026-04-29 11:50:46.731 INFO  [c.d.t.aiworkshop.TodoApplication] No active profile set, falling back to 1 default profile: "default"
2026-04-29 11:50:46.904 INFO  [o.s.d.r.c.RepositoryConfigurationDelegate] Bootstrapping Spring Data JPA repositories in DEFAULT mode.
2026-04-29 11:50:46.921 INFO  [o.s.d.r.c.RepositoryConfigurationDelegate] Finished Spring Data repository scanning in 14 ms. Found 2 JPA repository interfaces.
2026-04-29 11:50:47.056 INFO  [o.s.b.w.e.tomcat.TomcatWebServer] Tomcat initialized with port 8080 (http)
2026-04-29 11:50:47.060 INFO  [o.a.coyote.http11.Http11NioProtocol] Initializing ProtocolHandler ["http-nio-8080"]
2026-04-29 11:50:47.061 INFO  [o.a.catalina.core.StandardService] Starting service [Tomcat]
2026-04-29 11:50:47.062 INFO  [o.a.catalina.core.StandardEngine] Starting Servlet engine: [Apache Tomcat/10.1.30]
2026-04-29 11:50:47.075 INFO  [o.a.c.c.C.[Tomcat].[localhost].[/]] Initializing Spring embedded WebApplicationContext
2026-04-29 11:50:47.076 INFO  [o.s.b.w.s.c.ServletWebServerApplicationContext] Root WebApplicationContext: initialization completed in 334 ms
2026-04-29 11:50:47.085 INFO  [com.zaxxer.hikari.HikariDataSource] HikariPool-1 - Starting...
2026-04-29 11:50:47.138 INFO  [com.zaxxer.hikari.pool.HikariPool] HikariPool-1 - Added connection conn0: url=jdbc:h2:mem:tododb user=SA
2026-04-29 11:50:47.139 INFO  [com.zaxxer.hikari.HikariDataSource] HikariPool-1 - Start completed.
2026-04-29 11:50:47.143 INFO  [o.s.b.a.h.H2ConsoleAutoConfiguration] H2 console available at '/h2-console'. Database available at 'jdbc:h2:mem:tododb'
2026-04-29 11:50:47.183 INFO  [o.h.jpa.internal.util.LogHelper] HHH000204: Processing PersistenceUnitInfo [name: default]
2026-04-29 11:50:47.199 INFO  [org.hibernate.Version] HHH000412: Hibernate ORM core version 6.5.3.Final
2026-04-29 11:50:47.206 INFO  [o.h.c.i.RegionFactoryInitiator] HHH000026: Second-level cache disabled
2026-04-29 11:50:47.286 INFO  [o.s.o.j.p.SpringPersistenceUnitInfo] No LoadTimeWeaver setup: ignoring JPA class transformer
2026-04-29 11:50:47.549 INFO  [o.h.e.t.j.p.i.JtaPlatformInitiator] HHH000489: No JTA platform available (set 'hibernate.transaction.jta.platform' to enable JTA platform integration)
2026-04-29 11:50:47.564 INFO  [o.s.o.j.LocalContainerEntityManagerFactoryBean] Initialized JPA EntityManagerFactory for persistence unit 'default'
2026-04-29 11:50:47.669 WARN  [o.s.b.a.o.j.JpaBaseConfiguration$JpaWebConfiguration] spring.jpa.open-in-view is enabled by default. Therefore, database queries may be performed during view rendering. Explicitly configure spring.jpa.open-in-view to disable this warning
2026-04-29 11:50:47.766 INFO  [o.a.coyote.http11.Http11NioProtocol] Starting ProtocolHandler ["http-nio-8080"]
2026-04-29 11:50:47.771 INFO  [o.s.b.w.e.tomcat.TomcatWebServer] Tomcat started on port 8080 (http) with context path '/'
2026-04-29 11:50:47.774 INFO  [c.d.t.aiworkshop.TodoApplication] Started TodoApplication in 1.203 seconds (process running for 1.426)
2026-04-29 11:50:47.875 INFO  [c.d.t.aiworkshop.config.DataSeeder] Seeding database
2026-04-29 11:51:44.199 INFO  [o.a.c.c.C.[Tomcat].[localhost].[/]] Initializing Spring DispatcherServlet 'dispatcherServlet'
2026-04-29 11:51:44.199 INFO  [o.s.web.servlet.DispatcherServlet] Initializing Servlet 'dispatcherServlet'
2026-04-29 11:51:44.200 INFO  [o.s.web.servlet.DispatcherServlet] Completed initialization in 1 ms
2026-04-29 11:57:31.912 INFO  [o.s.o.j.LocalContainerEntityManagerFactoryBean] Closing JPA EntityManagerFactory for persistence unit 'default'
2026-04-29 11:57:31.914 INFO  [com.zaxxer.hikari.HikariDataSource] HikariPool-1 - Shutdown initiated...
2026-04-29 11:57:31.915 INFO  [com.zaxxer.hikari.HikariDataSource] HikariPool-1 - Shutdown completed.
2026-04-29 11:57:33.801 INFO  [c.d.t.aiworkshop.TodoApplication] Starting TodoApplication using Java 21.0.9 with PID 96311 (/Users/tobias.kronsteiner/Documents/Development/workshops/team-tooling-ai-workshop/backend/build/classes/java/main started by tobias.kronsteiner in /Users/tobias.kronsteiner/Documents/Development/workshops/team-tooling-ai-workshop)
2026-04-29 11:57:33.801 DEBUG [c.d.t.aiworkshop.TodoApplication] Running with Spring Boot v3.3.4, Spring v6.1.13
2026-04-29 11:57:33.802 INFO  [c.d.t.aiworkshop.TodoApplication] No active profile set, falling back to 1 default profile: "default"
2026-04-29 11:57:33.967 INFO  [o.s.d.r.c.RepositoryConfigurationDelegate] Bootstrapping Spring Data JPA repositories in DEFAULT mode.
2026-04-29 11:57:33.984 INFO  [o.s.d.r.c.RepositoryConfigurationDelegate] Finished Spring Data repository scanning in 15 ms. Found 2 JPA repository interfaces.
2026-04-29 11:57:34.124 INFO  [o.s.b.w.e.tomcat.TomcatWebServer] Tomcat initialized with port 8080 (http)
2026-04-29 11:57:34.128 INFO  [o.a.coyote.http11.Http11NioProtocol] Initializing ProtocolHandler ["http-nio-8080"]
2026-04-29 11:57:34.129 INFO  [o.a.catalina.core.StandardService] Starting service [Tomcat]
2026-04-29 11:57:34.129 INFO  [o.a.catalina.core.StandardEngine] Starting Servlet engine: [Apache Tomcat/10.1.30]
2026-04-29 11:57:34.144 INFO  [o.a.c.c.C.[Tomcat].[localhost].[/]] Initializing Spring embedded WebApplicationContext
2026-04-29 11:57:34.144 INFO  [o.s.b.w.s.c.ServletWebServerApplicationContext] Root WebApplicationContext: initialization completed in 332 ms
2026-04-29 11:57:34.153 INFO  [com.zaxxer.hikari.HikariDataSource] HikariPool-1 - Starting...
2026-04-29 11:57:34.211 INFO  [com.zaxxer.hikari.pool.HikariPool] HikariPool-1 - Added connection conn0: url=jdbc:h2:mem:tododb user=SA
2026-04-29 11:57:34.211 INFO  [com.zaxxer.hikari.HikariDataSource] HikariPool-1 - Start completed.
2026-04-29 11:57:34.215 INFO  [o.s.b.a.h.H2ConsoleAutoConfiguration] H2 console available at '/h2-console'. Database available at 'jdbc:h2:mem:tododb'
2026-04-29 11:57:34.257 INFO  [o.h.jpa.internal.util.LogHelper] HHH000204: Processing PersistenceUnitInfo [name: default]
2026-04-29 11:57:34.274 INFO  [org.hibernate.Version] HHH000412: Hibernate ORM core version 6.5.3.Final
2026-04-29 11:57:34.283 INFO  [o.h.c.i.RegionFactoryInitiator] HHH000026: Second-level cache disabled
2026-04-29 11:57:34.364 INFO  [o.s.o.j.p.SpringPersistenceUnitInfo] No LoadTimeWeaver setup: ignoring JPA class transformer
2026-04-29 11:57:34.624 INFO  [o.h.e.t.j.p.i.JtaPlatformInitiator] HHH000489: No JTA platform available (set 'hibernate.transaction.jta.platform' to enable JTA platform integration)
2026-04-29 11:57:34.639 INFO  [o.s.o.j.LocalContainerEntityManagerFactoryBean] Initialized JPA EntityManagerFactory for persistence unit 'default'
2026-04-29 11:57:34.745 WARN  [o.s.b.a.o.j.JpaBaseConfiguration$JpaWebConfiguration] spring.jpa.open-in-view is enabled by default. Therefore, database queries may be performed during view rendering. Explicitly configure spring.jpa.open-in-view to disable this warning
2026-04-29 11:57:34.839 INFO  [o.a.coyote.http11.Http11NioProtocol] Starting ProtocolHandler ["http-nio-8080"]
2026-04-29 11:57:34.845 INFO  [o.s.b.w.e.tomcat.TomcatWebServer] Tomcat started on port 8080 (http) with context path '/'
2026-04-29 11:57:34.849 INFO  [c.d.t.aiworkshop.TodoApplication] Started TodoApplication in 1.173 seconds (process running for 1.39)
2026-04-29 11:57:34.951 INFO  [c.d.t.aiworkshop.config.DataSeeder] Seeding database
2026-04-29 12:02:13.697 INFO  [o.s.o.j.LocalContainerEntityManagerFactoryBean] Closing JPA EntityManagerFactory for persistence unit 'default'
2026-04-29 12:02:13.700 INFO  [com.zaxxer.hikari.HikariDataSource] HikariPool-1 - Shutdown initiated...
2026-04-29 12:02:13.700 INFO  [com.zaxxer.hikari.HikariDataSource] HikariPool-1 - Shutdown completed.
2026-04-29 12:02:19.422 INFO  [o.h.validator.internal.util.Version] HV000001: Hibernate Validator 8.0.1.Final
2026-04-29 12:02:19.433 INFO  [c.d.t.aiworkshop.TodoApplication] Starting TodoApplication using Java 21.0.9 with PID 97342 (/Users/tobias.kronsteiner/Documents/Development/workshops/team-tooling-ai-workshop/backend/build/classes/java/main started by tobias.kronsteiner in /Users/tobias.kronsteiner/Documents/Development/workshops/team-tooling-ai-workshop)
2026-04-29 12:02:19.434 DEBUG [c.d.t.aiworkshop.TodoApplication] Running with Spring Boot v3.3.4, Spring v6.1.13
2026-04-29 12:02:19.434 INFO  [c.d.t.aiworkshop.TodoApplication] No active profile set, falling back to 1 default profile: "default"
2026-04-29 12:02:19.604 INFO  [o.s.d.r.c.RepositoryConfigurationDelegate] Bootstrapping Spring Data JPA repositories in DEFAULT mode.
2026-04-29 12:02:19.623 INFO  [o.s.d.r.c.RepositoryConfigurationDelegate] Finished Spring Data repository scanning in 16 ms. Found 2 JPA repository interfaces.
2026-04-29 12:02:19.768 INFO  [o.s.b.w.e.tomcat.TomcatWebServer] Tomcat initialized with port 8080 (http)
2026-04-29 12:02:19.772 INFO  [o.a.coyote.http11.Http11NioProtocol] Initializing ProtocolHandler ["http-nio-8080"]
2026-04-29 12:02:19.773 INFO  [o.a.catalina.core.StandardService] Starting service [Tomcat]
2026-04-29 12:02:19.773 INFO  [o.a.catalina.core.StandardEngine] Starting Servlet engine: [Apache Tomcat/10.1.30]
2026-04-29 12:02:19.789 INFO  [o.a.c.c.C.[Tomcat].[localhost].[/]] Initializing Spring embedded WebApplicationContext
2026-04-29 12:02:19.789 INFO  [o.s.b.w.s.c.ServletWebServerApplicationContext] Root WebApplicationContext: initialization completed in 343 ms
2026-04-29 12:02:19.798 INFO  [com.zaxxer.hikari.HikariDataSource] HikariPool-1 - Starting...
2026-04-29 12:02:19.863 INFO  [com.zaxxer.hikari.pool.HikariPool] HikariPool-1 - Added connection conn0: url=jdbc:h2:mem:tododb user=SA
2026-04-29 12:02:19.864 INFO  [com.zaxxer.hikari.HikariDataSource] HikariPool-1 - Start completed.
2026-04-29 12:02:19.868 INFO  [o.s.b.a.h.H2ConsoleAutoConfiguration] H2 console available at '/h2-console'. Database available at 'jdbc:h2:mem:tododb'
2026-04-29 12:02:19.905 INFO  [o.h.jpa.internal.util.LogHelper] HHH000204: Processing PersistenceUnitInfo [name: default]
2026-04-29 12:02:19.920 INFO  [org.hibernate.Version] HHH000412: Hibernate ORM core version 6.5.3.Final
2026-04-29 12:02:19.929 INFO  [o.h.c.i.RegionFactoryInitiator] HHH000026: Second-level cache disabled
2026-04-29 12:02:20.018 INFO  [o.s.o.j.p.SpringPersistenceUnitInfo] No LoadTimeWeaver setup: ignoring JPA class transformer
2026-04-29 12:02:20.304 INFO  [o.h.e.t.j.p.i.JtaPlatformInitiator] HHH000489: No JTA platform available (set 'hibernate.transaction.jta.platform' to enable JTA platform integration)
2026-04-29 12:02:20.319 INFO  [o.s.o.j.LocalContainerEntityManagerFactoryBean] Initialized JPA EntityManagerFactory for persistence unit 'default'
2026-04-29 12:02:20.393 WARN  [o.s.b.w.s.c.AnnotationConfigServletWebServerApplicationContext] Exception encountered during context initialization - cancelling refresh attempt: org.springframework.beans.factory.UnsatisfiedDependencyException: Error creating bean with name 'dataSeeder' defined in file [/Users/tobias.kronsteiner/Documents/Development/workshops/team-tooling-ai-workshop/backend/build/classes/java/main/com/dynatrace/teamtooling/aiworkshop/config/DataSeeder.class]: Unsatisfied dependency expressed through constructor parameter 0: Error creating bean with name 'todoRepository' defined in com.dynatrace.teamtooling.aiworkshop.repository.TodoRepository defined in @EnableJpaRepositories declared on JpaRepositoriesRegistrar.EnableJpaRepositoriesConfiguration: Could not create query for public abstract java.util.List com.dynatrace.teamtooling.aiworkshop.repository.TodoRepository.findAllWithTags(); Reason: Failed to create query for method public abstract java.util.List com.dynatrace.teamtooling.aiworkshop.repository.TodoRepository.findAllWithTags(); No property 'findAllWithTags' found for type 'Todo'
2026-04-29 12:02:20.393 INFO  [o.s.o.j.LocalContainerEntityManagerFactoryBean] Closing JPA EntityManagerFactory for persistence unit 'default'
2026-04-29 12:02:20.395 INFO  [com.zaxxer.hikari.HikariDataSource] HikariPool-1 - Shutdown initiated...
2026-04-29 12:02:20.396 INFO  [com.zaxxer.hikari.HikariDataSource] HikariPool-1 - Shutdown completed.
2026-04-29 12:02:20.396 INFO  [o.a.catalina.core.StandardService] Stopping service [Tomcat]
2026-04-29 12:02:20.399 INFO  [o.s.b.a.l.ConditionEvaluationReportLogger] 

Error starting ApplicationContext. To display the condition evaluation report re-run your application with 'debug' enabled.
2026-04-29 12:02:20.404 ERROR [o.s.boot.SpringApplication] Application run failed
org.springframework.beans.factory.UnsatisfiedDependencyException: Error creating bean with name 'dataSeeder' defined in file [/Users/tobias.kronsteiner/Documents/Development/workshops/team-tooling-ai-workshop/backend/build/classes/java/main/com/dynatrace/teamtooling/aiworkshop/config/DataSeeder.class]: Unsatisfied dependency expressed through constructor parameter 0: Error creating bean with name 'todoRepository' defined in com.dynatrace.teamtooling.aiworkshop.repository.TodoRepository defined in @EnableJpaRepositories declared on JpaRepositoriesRegistrar.EnableJpaRepositoriesConfiguration: Could not create query for public abstract java.util.List com.dynatrace.teamtooling.aiworkshop.repository.TodoRepository.findAllWithTags(); Reason: Failed to create query for method public abstract java.util.List com.dynatrace.teamtooling.aiworkshop.repository.TodoRepository.findAllWithTags(); No property 'findAllWithTags' found for type 'Todo'
	at org.springframework.beans.factory.support.ConstructorResolver.createArgumentArray(ConstructorResolver.java:795)
	at org.springframework.beans.factory.support.ConstructorResolver.autowireConstructor(ConstructorResolver.java:237)
	at org.springframework.beans.factory.support.AbstractAutowireCapableBeanFactory.autowireConstructor(AbstractAutowireCapableBeanFactory.java:1375)
	at org.springframework.beans.factory.support.AbstractAutowireCapableBeanFactory.createBeanInstance(AbstractAutowireCapableBeanFactory.java:1212)
	at org.springframework.beans.factory.support.AbstractAutowireCapableBeanFactory.doCreateBean(AbstractAutowireCapableBeanFactory.java:562)
	at org.springframework.beans.factory.support.AbstractAutowireCapableBeanFactory.createBean(AbstractAutowireCapableBeanFactory.java:522)
	at org.springframework.beans.factory.support.AbstractBeanFactory.lambda$doGetBean$0(AbstractBeanFactory.java:337)
	at org.springframework.beans.factory.support.DefaultSingletonBeanRegistry.getSingleton(DefaultSingletonBeanRegistry.java:234)
	at org.springframework.beans.factory.support.AbstractBeanFactory.doGetBean(AbstractBeanFactory.java:335)
	at org.springframework.beans.factory.support.AbstractBeanFactory.getBean(AbstractBeanFactory.java:200)
	at org.springframework.beans.factory.support.DefaultListableBeanFactory.preInstantiateSingletons(DefaultListableBeanFactory.java:975)
	at org.springframework.context.support.AbstractApplicationContext.finishBeanFactoryInitialization(AbstractApplicationContext.java:971)
	at org.springframework.context.support.AbstractApplicationContext.refresh(AbstractApplicationContext.java:625)
	at org.springframework.boot.web.servlet.context.ServletWebServerApplicationContext.refresh(ServletWebServerApplicationContext.java:146)
	at org.springframework.boot.SpringApplication.refresh(SpringApplication.java:754)
	at org.springframework.boot.SpringApplication.refreshContext(SpringApplication.java:456)
	at org.springframework.boot.SpringApplication.run(SpringApplication.java:335)
	at org.springframework.boot.SpringApplication.run(SpringApplication.java:1363)
	at org.springframework.boot.SpringApplication.run(SpringApplication.java:1352)
	at com.dynatrace.teamtooling.aiworkshop.TodoApplication.main(TodoApplication.java:9)
Caused by: org.springframework.beans.factory.BeanCreationException: Error creating bean with name 'todoRepository' defined in com.dynatrace.teamtooling.aiworkshop.repository.TodoRepository defined in @EnableJpaRepositories declared on JpaRepositoriesRegistrar.EnableJpaRepositoriesConfiguration: Could not create query for public abstract java.util.List com.dynatrace.teamtooling.aiworkshop.repository.TodoRepository.findAllWithTags(); Reason: Failed to create query for method public abstract java.util.List com.dynatrace.teamtooling.aiworkshop.repository.TodoRepository.findAllWithTags(); No property 'findAllWithTags' found for type 'Todo'
	at org.springframework.beans.factory.support.AbstractAutowireCapableBeanFactory.initializeBean(AbstractAutowireCapableBeanFactory.java:1806)
	at org.springframework.beans.factory.support.AbstractAutowireCapableBeanFactory.doCreateBean(AbstractAutowireCapableBeanFactory.java:600)
	at org.springframework.beans.factory.support.AbstractAutowireCapableBeanFactory.createBean(AbstractAutowireCapableBeanFactory.java:522)
	at org.springframework.beans.factory.support.AbstractBeanFactory.lambda$doGetBean$0(AbstractBeanFactory.java:337)
	at org.springframework.beans.factory.support.DefaultSingletonBeanRegistry.getSingleton(DefaultSingletonBeanRegistry.java:234)
	at org.springframework.beans.factory.support.AbstractBeanFactory.doGetBean(AbstractBeanFactory.java:335)
	at org.springframework.beans.factory.support.AbstractBeanFactory.getBean(AbstractBeanFactory.java:200)
	at org.springframework.beans.factory.config.DependencyDescriptor.resolveCandidate(DependencyDescriptor.java:254)
	at org.springframework.beans.factory.support.DefaultListableBeanFactory.doResolveDependency(DefaultListableBeanFactory.java:1443)
	at org.springframework.beans.factory.support.DefaultListableBeanFactory.resolveDependency(DefaultListableBeanFactory.java:1353)
	at org.springframework.beans.factory.support.ConstructorResolver.resolveAutowiredArgument(ConstructorResolver.java:904)
	at org.springframework.beans.factory.support.ConstructorResolver.createArgumentArray(ConstructorResolver.java:782)
	... 19 common frames omitted
Caused by: org.springframework.data.repository.query.QueryCreationException: Could not create query for public abstract java.util.List com.dynatrace.teamtooling.aiworkshop.repository.TodoRepository.findAllWithTags(); Reason: Failed to create query for method public abstract java.util.List com.dynatrace.teamtooling.aiworkshop.repository.TodoRepository.findAllWithTags(); No property 'findAllWithTags' found for type 'Todo'
	at org.springframework.data.repository.query.QueryCreationException.create(QueryCreationException.java:101)
	at org.springframework.data.repository.core.support.QueryExecutorMethodInterceptor.lookupQuery(QueryExecutorMethodInterceptor.java:119)
	at org.springframework.data.repository.core.support.QueryExecutorMethodInterceptor.mapMethodsToQuery(QueryExecutorMethodInterceptor.java:103)
	at org.springframework.data.repository.core.support.QueryExecutorMethodInterceptor.lambda$new$0(QueryExecutorMethodInterceptor.java:92)
	at java.base/java.util.Optional.map(Optional.java:260)
	at org.springframework.data.repository.core.support.QueryExecutorMethodInterceptor.<init>(QueryExecutorMethodInterceptor.java:92)
	at org.springframework.data.repository.core.support.RepositoryFactorySupport.getRepository(RepositoryFactorySupport.java:357)
	at org.springframework.data.repository.core.support.RepositoryFactoryBeanSupport.lambda$afterPropertiesSet$5(RepositoryFactoryBeanSupport.java:286)
	at org.springframework.data.util.Lazy.getNullable(Lazy.java:135)
	at org.springframework.data.util.Lazy.get(Lazy.java:113)
	at org.springframework.data.repository.core.support.RepositoryFactoryBeanSupport.afterPropertiesSet(RepositoryFactoryBeanSupport.java:292)
	at org.springframework.data.jpa.repository.support.JpaRepositoryFactoryBean.afterPropertiesSet(JpaRepositoryFactoryBean.java:132)
	at org.springframework.beans.factory.support.AbstractAutowireCapableBeanFactory.invokeInitMethods(AbstractAutowireCapableBeanFactory.java:1853)
	at org.springframework.beans.factory.support.AbstractAutowireCapableBeanFactory.initializeBean(AbstractAutowireCapableBeanFactory.java:1802)
	... 30 common frames omitted
Caused by: java.lang.IllegalArgumentException: Failed to create query for method public abstract java.util.List com.dynatrace.teamtooling.aiworkshop.repository.TodoRepository.findAllWithTags(); No property 'findAllWithTags' found for type 'Todo'
	at org.springframework.data.jpa.repository.query.PartTreeJpaQuery.<init>(PartTreeJpaQuery.java:107)
	at org.springframework.data.jpa.repository.query.JpaQueryLookupStrategy$CreateQueryLookupStrategy.resolveQuery(JpaQueryLookupStrategy.java:124)
	at org.springframework.data.jpa.repository.query.JpaQueryLookupStrategy$CreateIfNotFoundQueryLookupStrategy.resolveQuery(JpaQueryLookupStrategy.java:258)
	at org.springframework.data.jpa.repository.query.JpaQueryLookupStrategy$AbstractQueryLookupStrategy.resolveQuery(JpaQueryLookupStrategy.java:95)
	at org.springframework.data.repository.core.support.QueryExecutorMethodInterceptor.lookupQuery(QueryExecutorMethodInterceptor.java:115)
	... 42 common frames omitted
Caused by: org.springframework.data.mapping.PropertyReferenceException: No property 'findAllWithTags' found for type 'Todo'
	at org.springframework.data.mapping.PropertyPath.<init>(PropertyPath.java:94)
	at org.springframework.data.mapping.PropertyPath.create(PropertyPath.java:455)
	at org.springframework.data.mapping.PropertyPath.create(PropertyPath.java:431)
	at org.springframework.data.mapping.PropertyPath.lambda$from$0(PropertyPath.java:384)
	at java.base/java.util.concurrent.ConcurrentMap.computeIfAbsent(ConcurrentMap.java:330)
	at org.springframework.data.mapping.PropertyPath.from(PropertyPath.java:366)
	at org.springframework.data.mapping.PropertyPath.from(PropertyPath.java:344)
	at org.springframework.data.repository.query.parser.Part.<init>(Part.java:81)
	at org.springframework.data.repository.query.parser.PartTree$OrPart.lambda$new$0(PartTree.java:259)
	at java.base/java.util.stream.ReferencePipeline$3$1.accept(ReferencePipeline.java:197)
	at java.base/java.util.stream.ReferencePipeline$2$1.accept(ReferencePipeline.java:179)
	at java.base/java.util.Spliterators$ArraySpliterator.forEachRemaining(Spliterators.java:1024)
	at java.base/java.util.stream.AbstractPipeline.copyInto(AbstractPipeline.java:509)
	at java.base/java.util.stream.AbstractPipeline.wrapAndCopyInto(AbstractPipeline.java:499)
	at java.base/java.util.stream.ReduceOps$ReduceOp.evaluateSequential(ReduceOps.java:921)
	at java.base/java.util.stream.AbstractPipeline.evaluate(AbstractPipeline.java:234)
	at java.base/java.util.stream.ReferencePipeline.collect(ReferencePipeline.java:682)
	at org.springframework.data.repository.query.parser.PartTree$OrPart.<init>(PartTree.java:260)
	at org.springframework.data.repository.query.parser.PartTree$Predicate.lambda$new$0(PartTree.java:389)
	at java.base/java.util.stream.ReferencePipeline$3$1.accept(ReferencePipeline.java:197)
	at java.base/java.util.stream.ReferencePipeline$2$1.accept(ReferencePipeline.java:179)
	at java.base/java.util.Spliterators$ArraySpliterator.forEachRemaining(Spliterators.java:1024)
	at java.base/java.util.stream.AbstractPipeline.copyInto(AbstractPipeline.java:509)
	at java.base/java.util.stream.AbstractPipeline.wrapAndCopyInto(AbstractPipeline.java:499)
	at java.base/java.util.stream.ReduceOps$ReduceOp.evaluateSequential(ReduceOps.java:921)
	at java.base/java.util.stream.AbstractPipeline.evaluate(AbstractPipeline.java:234)
	at java.base/java.util.stream.ReferencePipeline.collect(ReferencePipeline.java:682)
	at org.springframework.data.repository.query.parser.PartTree$Predicate.<init>(PartTree.java:390)
	at org.springframework.data.repository.query.parser.PartTree.<init>(PartTree.java:100)
	at org.springframework.data.jpa.repository.query.PartTreeJpaQuery.<init>(PartTreeJpaQuery.java:101)
	... 46 common frames omitted
2026-04-29 12:03:24.321 INFO  [o.h.validator.internal.util.Version] HV000001: Hibernate Validator 8.0.1.Final
2026-04-29 12:03:24.333 INFO  [c.d.t.aiworkshop.TodoApplication] Starting TodoApplication using Java 21.0.9 with PID 97580 (/Users/tobias.kronsteiner/Documents/Development/workshops/team-tooling-ai-workshop/backend/build/classes/java/main started by tobias.kronsteiner in /Users/tobias.kronsteiner/Documents/Development/workshops/team-tooling-ai-workshop)
2026-04-29 12:03:24.333 DEBUG [c.d.t.aiworkshop.TodoApplication] Running with Spring Boot v3.3.4, Spring v6.1.13
2026-04-29 12:03:24.333 INFO  [c.d.t.aiworkshop.TodoApplication] No active profile set, falling back to 1 default profile: "default"
2026-04-29 12:03:24.499 INFO  [o.s.d.r.c.RepositoryConfigurationDelegate] Bootstrapping Spring Data JPA repositories in DEFAULT mode.
2026-04-29 12:03:24.516 INFO  [o.s.d.r.c.RepositoryConfigurationDelegate] Finished Spring Data repository scanning in 14 ms. Found 2 JPA repository interfaces.
2026-04-29 12:03:24.683 INFO  [o.s.b.w.e.tomcat.TomcatWebServer] Tomcat initialized with port 8080 (http)
2026-04-29 12:03:24.686 INFO  [o.a.coyote.http11.Http11NioProtocol] Initializing ProtocolHandler ["http-nio-8080"]
2026-04-29 12:03:24.687 INFO  [o.a.catalina.core.StandardService] Starting service [Tomcat]
2026-04-29 12:03:24.687 INFO  [o.a.catalina.core.StandardEngine] Starting Servlet engine: [Apache Tomcat/10.1.30]
2026-04-29 12:03:24.702 INFO  [o.a.c.c.C.[Tomcat].[localhost].[/]] Initializing Spring embedded WebApplicationContext
2026-04-29 12:03:24.702 INFO  [o.s.b.w.s.c.ServletWebServerApplicationContext] Root WebApplicationContext: initialization completed in 357 ms
2026-04-29 12:03:24.712 INFO  [com.zaxxer.hikari.HikariDataSource] HikariPool-1 - Starting...
2026-04-29 12:03:24.778 INFO  [com.zaxxer.hikari.pool.HikariPool] HikariPool-1 - Added connection conn0: url=jdbc:h2:mem:tododb user=SA
2026-04-29 12:03:24.779 INFO  [com.zaxxer.hikari.HikariDataSource] HikariPool-1 - Start completed.
2026-04-29 12:03:24.783 INFO  [o.s.b.a.h.H2ConsoleAutoConfiguration] H2 console available at '/h2-console'. Database available at 'jdbc:h2:mem:tododb'
2026-04-29 12:03:24.818 INFO  [o.h.jpa.internal.util.LogHelper] HHH000204: Processing PersistenceUnitInfo [name: default]
2026-04-29 12:03:24.833 INFO  [org.hibernate.Version] HHH000412: Hibernate ORM core version 6.5.3.Final
2026-04-29 12:03:24.841 INFO  [o.h.c.i.RegionFactoryInitiator] HHH000026: Second-level cache disabled
2026-04-29 12:03:24.929 INFO  [o.s.o.j.p.SpringPersistenceUnitInfo] No LoadTimeWeaver setup: ignoring JPA class transformer
2026-04-29 12:03:25.203 INFO  [o.h.e.t.j.p.i.JtaPlatformInitiator] HHH000489: No JTA platform available (set 'hibernate.transaction.jta.platform' to enable JTA platform integration)
2026-04-29 12:03:25.218 INFO  [o.s.o.j.LocalContainerEntityManagerFactoryBean] Initialized JPA EntityManagerFactory for persistence unit 'default'
2026-04-29 12:03:25.287 INFO  [o.s.d.j.r.query.QueryEnhancerFactory] Hibernate is in classpath; If applicable, HQL parser will be used.
2026-04-29 12:03:25.453 WARN  [o.s.b.a.o.j.JpaBaseConfiguration$JpaWebConfiguration] spring.jpa.open-in-view is enabled by default. Therefore, database queries may be performed during view rendering. Explicitly configure spring.jpa.open-in-view to disable this warning
2026-04-29 12:03:25.554 INFO  [o.a.coyote.http11.Http11NioProtocol] Starting ProtocolHandler ["http-nio-8080"]
2026-04-29 12:03:25.559 INFO  [o.s.b.w.e.tomcat.TomcatWebServer] Tomcat started on port 8080 (http) with context path '/'
2026-04-29 12:03:25.562 INFO  [c.d.t.aiworkshop.TodoApplication] Started TodoApplication in 1.362 seconds (process running for 1.546)
2026-04-29 12:03:25.589 INFO  [c.d.t.aiworkshop.config.DataSeeder] Seeding database
2026-04-29 12:03:30.250 INFO  [o.a.c.c.C.[Tomcat].[localhost].[/]] Initializing Spring DispatcherServlet 'dispatcherServlet'
2026-04-29 12:03:30.250 INFO  [o.s.web.servlet.DispatcherServlet] Initializing Servlet 'dispatcherServlet'
2026-04-29 12:03:30.250 INFO  [o.s.web.servlet.DispatcherServlet] Completed initialization in 0 ms
2026-04-29 12:16:13.798 WARN  [com.zaxxer.hikari.pool.HikariPool] HikariPool-1 - Thread starvation or clock leap detected (housekeeper delta=1m48s834ms).
2026-04-29 12:45:06.777 WARN  [com.zaxxer.hikari.pool.HikariPool] HikariPool-1 - Thread starvation or clock leap detected (housekeeper delta=1m22s775ms).
2026-04-29 12:46:45.777 INFO  [o.h.validator.internal.util.Version] HV000001: Hibernate Validator 8.0.1.Final
2026-04-29 12:46:45.788 INFO  [c.d.t.aiworkshop.TodoControllerTest] Starting TodoControllerTest using Java 21.0.9 with PID 7823 (started by tobias.kronsteiner in /Users/tobias.kronsteiner/Documents/Development/workshops/team-tooling-ai-workshop/backend)
2026-04-29 12:46:45.788 DEBUG [c.d.t.aiworkshop.TodoControllerTest] Running with Spring Boot v3.3.4, Spring v6.1.13
2026-04-29 12:46:45.789 INFO  [c.d.t.aiworkshop.TodoControllerTest] No active profile set, falling back to 1 default profile: "default"
2026-04-29 12:46:45.970 INFO  [o.s.d.r.c.RepositoryConfigurationDelegate] Bootstrapping Spring Data JPA repositories in DEFAULT mode.
2026-04-29 12:46:45.989 INFO  [o.s.d.r.c.RepositoryConfigurationDelegate] Finished Spring Data repository scanning in 14 ms. Found 2 JPA repository interfaces.
2026-04-29 12:46:46.118 INFO  [o.h.jpa.internal.util.LogHelper] HHH000204: Processing PersistenceUnitInfo [name: default]
2026-04-29 12:46:46.133 INFO  [org.hibernate.Version] HHH000412: Hibernate ORM core version 6.5.3.Final
2026-04-29 12:46:46.142 INFO  [o.h.c.i.RegionFactoryInitiator] HHH000026: Second-level cache disabled
2026-04-29 12:46:46.224 INFO  [o.s.o.j.p.SpringPersistenceUnitInfo] No LoadTimeWeaver setup: ignoring JPA class transformer
2026-04-29 12:46:46.233 INFO  [com.zaxxer.hikari.HikariDataSource] HikariPool-1 - Starting...
2026-04-29 12:46:46.290 INFO  [com.zaxxer.hikari.pool.HikariPool] HikariPool-1 - Added connection conn0: url=jdbc:h2:mem:tododb user=SA
2026-04-29 12:46:46.290 INFO  [com.zaxxer.hikari.HikariDataSource] HikariPool-1 - Start completed.
2026-04-29 12:46:46.563 INFO  [o.h.e.t.j.p.i.JtaPlatformInitiator] HHH000489: No JTA platform available (set 'hibernate.transaction.jta.platform' to enable JTA platform integration)
2026-04-29 12:46:46.578 INFO  [o.s.o.j.LocalContainerEntityManagerFactoryBean] Initialized JPA EntityManagerFactory for persistence unit 'default'
2026-04-29 12:46:46.648 INFO  [o.s.d.j.r.query.QueryEnhancerFactory] Hibernate is in classpath; If applicable, HQL parser will be used.
2026-04-29 12:46:46.874 WARN  [o.s.b.a.o.j.JpaBaseConfiguration$JpaWebConfiguration] spring.jpa.open-in-view is enabled by default. Therefore, database queries may be performed during view rendering. Explicitly configure spring.jpa.open-in-view to disable this warning
2026-04-29 12:46:46.976 INFO  [o.s.b.a.h.H2ConsoleAutoConfiguration] H2 console available at '/h2-console'. Database available at 'jdbc:h2:mem:tododb'
2026-04-29 12:46:46.996 INFO  [o.s.b.t.m.w.SpringBootMockServletContext] Initializing Spring TestDispatcherServlet ''
2026-04-29 12:46:46.996 INFO  [o.s.t.w.s.TestDispatcherServlet] Initializing Servlet ''
2026-04-29 12:46:46.997 INFO  [o.s.t.w.s.TestDispatcherServlet] Completed initialization in 1 ms
2026-04-29 12:46:47.008 INFO  [c.d.t.aiworkshop.TodoControllerTest] Started TodoControllerTest in 1.339 seconds (process running for 1.777)
2026-04-29 12:46:47.041 INFO  [c.d.t.aiworkshop.config.DataSeeder] Seeding database
2026-04-29 12:46:47.787 INFO  [o.s.t.c.s.AnnotationConfigContextLoaderUtils] Could not detect default configuration classes for test class [com.dynatrace.teamtooling.aiworkshop.TodoFlakyTest]: TodoFlakyTest does not declare any static, non-private, non-final, nested classes annotated with @Configuration.
2026-04-29 12:46:47.787 INFO  [o.s.b.t.c.SpringBootTestContextBootstrapper] Found @SpringBootConfiguration com.dynatrace.teamtooling.aiworkshop.TodoApplication for test class com.dynatrace.teamtooling.aiworkshop.TodoFlakyTest
2026-04-29 12:46:47.796 INFO  [c.d.t.aiworkshop.TodoFlakyTest] Starting TodoFlakyTest using Java 21.0.9 with PID 7823 (started by tobias.kronsteiner in /Users/tobias.kronsteiner/Documents/Development/workshops/team-tooling-ai-workshop/backend)
2026-04-29 12:46:47.796 DEBUG [c.d.t.aiworkshop.TodoFlakyTest] Running with Spring Boot v3.3.4, Spring v6.1.13
2026-04-29 12:46:47.796 INFO  [c.d.t.aiworkshop.TodoFlakyTest] No active profile set, falling back to 1 default profile: "default"
2026-04-29 12:46:47.832 INFO  [o.s.d.r.c.RepositoryConfigurationDelegate] Bootstrapping Spring Data JPA repositories in DEFAULT mode.
2026-04-29 12:46:47.836 INFO  [o.s.d.r.c.RepositoryConfigurationDelegate] Finished Spring Data repository scanning in 4 ms. Found 2 JPA repository interfaces.
2026-04-29 12:46:47.862 INFO  [o.h.jpa.internal.util.LogHelper] HHH000204: Processing PersistenceUnitInfo [name: default]
2026-04-29 12:46:47.863 INFO  [o.h.c.i.RegionFactoryInitiator] HHH000026: Second-level cache disabled
2026-04-29 12:46:47.865 INFO  [o.s.o.j.p.SpringPersistenceUnitInfo] No LoadTimeWeaver setup: ignoring JPA class transformer
2026-04-29 12:46:47.865 INFO  [com.zaxxer.hikari.HikariDataSource] HikariPool-2 - Starting...
2026-04-29 12:46:47.865 INFO  [com.zaxxer.hikari.pool.HikariPool] HikariPool-2 - Added connection conn10: url=jdbc:h2:mem:tododb user=SA
2026-04-29 12:46:47.866 INFO  [com.zaxxer.hikari.HikariDataSource] HikariPool-2 - Start completed.
2026-04-29 12:46:47.884 INFO  [o.h.e.t.j.p.i.JtaPlatformInitiator] HHH000489: No JTA platform available (set 'hibernate.transaction.jta.platform' to enable JTA platform integration)
2026-04-29 12:46:47.888 INFO  [o.s.o.j.LocalContainerEntityManagerFactoryBean] Initialized JPA EntityManagerFactory for persistence unit 'default'
2026-04-29 12:46:47.913 WARN  [o.s.b.a.o.j.JpaBaseConfiguration$JpaWebConfiguration] spring.jpa.open-in-view is enabled by default. Therefore, database queries may be performed during view rendering. Explicitly configure spring.jpa.open-in-view to disable this warning
2026-04-29 12:46:47.934 INFO  [o.s.b.a.h.H2ConsoleAutoConfiguration] H2 console available at '/h2-console'. Database available at 'jdbc:h2:mem:tododb'
2026-04-29 12:46:47.939 INFO  [c.d.t.aiworkshop.TodoFlakyTest] Started TodoFlakyTest in 0.15 seconds (process running for 2.708)
2026-04-29 12:46:47.941 INFO  [c.d.t.aiworkshop.config.DataSeeder] Seeding database
2026-04-29 12:46:47.960 INFO  [o.s.o.j.LocalContainerEntityManagerFactoryBean] Closing JPA EntityManagerFactory for persistence unit 'default'
2026-04-29 12:46:47.961 INFO  [com.zaxxer.hikari.HikariDataSource] HikariPool-1 - Shutdown initiated...
2026-04-29 12:46:47.962 INFO  [com.zaxxer.hikari.HikariDataSource] HikariPool-1 - Shutdown completed.
2026-04-29 12:46:47.963 INFO  [o.s.o.j.LocalContainerEntityManagerFactoryBean] Closing JPA EntityManagerFactory for persistence unit 'default'
2026-04-29 12:46:47.963 INFO  [com.zaxxer.hikari.HikariDataSource] HikariPool-2 - Shutdown initiated...
2026-04-29 12:46:47.964 INFO  [com.zaxxer.hikari.HikariDataSource] HikariPool-2 - Shutdown completed.
